stm32l4xx_it.c:62:5:get_idx	4	static
stm32l4xx_it.c:66:5:get_dac	4	static
stm32l4xx_it.c:70:5:get_adc	4	static
stm32l4xx_it.c:74:5:get_cnt	4	static
stm32l4xx_it.c:78:6:populate_array	16	static
stm32l4xx_it.c:89:6:write_dac	16	static
stm32l4xx_it.c:94:6:read_adc	16	static
stm32l4xx_it.c:99:6:HAL_ADC_ConvCpltCallback	24	static
stm32l4xx_it.c:121:6:NMI_Handler	4	static
stm32l4xx_it.c:136:6:HardFault_Handler	4	static
stm32l4xx_it.c:151:6:MemManage_Handler	4	static
stm32l4xx_it.c:166:6:BusFault_Handler	4	static
stm32l4xx_it.c:181:6:UsageFault_Handler	4	static
stm32l4xx_it.c:196:6:SVC_Handler	4	static
stm32l4xx_it.c:209:6:DebugMon_Handler	4	static
stm32l4xx_it.c:222:6:PendSV_Handler	4	static
stm32l4xx_it.c:235:6:SysTick_Handler	8	static
stm32l4xx_it.c:256:6:ADC1_2_IRQHandler	8	static
stm32l4xx_it.c:268:6:TIM2_IRQHandler	16	static
