20:50:43 **** Incremental Build of configuration Debug for project grad ****
make -j8 all 
arm-none-eabi-gcc "../Core/Src/main.c" -mcpu=cortex-m4 -std=gnu11 -g3 -DDEBUG -DUSE_HAL_DRIVER -DSTM32L476xx -c -I../Core/Inc -I../Drivers/STM32L4xx_HAL_Driver/Inc -I../Drivers/STM32L4xx_HAL_Driver/Inc/Legacy -I../Drivers/CMSIS/Device/ST/STM32L4xx/Include -I../Drivers/CMSIS/Include -O0 -ffunction-sections -fdata-sections -Wall -fstack-usage -MMD -MP -MF"Core/Src/main.d" -MT"Core/Src/main.o" --specs=nano.specs -mfpu=fpv4-sp-d16 -mfloat-abi=hard -mthumb -o "Core/Src/main.o"
arm-none-eabi-gcc -o "grad.elf" @"objects.list"   -mcpu=cortex-m4 -T"C:\Users\xavier\Documents\RTOS\grad\STM32L476RGTX_FLASH.ld" --specs=nosys.specs -Wl,-Map="grad.map" -Wl,--gc-sections -static --specs=nano.specs -mfpu=fpv4-sp-d16 -mfloat-abi=hard -mthumb -Wl,--start-group -lc -lm -Wl,--end-group
Finished building target: grad.elf
 
arm-none-eabi-size   grad.elf 
arm-none-eabi-objdump -h -S  grad.elf  > "grad.list"
arm-none-eabi-objcopy  -O binary  grad.elf  "grad.bin"
   text	   data	    bss	    dec	    hex	filename
  13816	     20	   1780	  15616	   3d00	grad.elf
Finished building: default.size.stdout
 
Finished building: grad.bin
 
Finished building: grad.list
 
20:50:53 **** Incremental Build of configuration Debug for project grad ****
make -j8 all 
arm-none-eabi-size   grad.elf 
   text	   data	    bss	    dec	    hex	filename
  13816	     20	   1780	  15616	   3d00	grad.elf
Finished building: default.size.stdout
 
